###############################################################################
#
# IAR ELF Linker V3.11.1.207 for STM8                     29/Dec/2020  10:52:16
# Copyright 2010-2019 IAR Systems AB.
#
#    Output file  =  
#        C:\Users\Dat
#        UTC\Documents\STM8\stm8s003f3p6\LED_RGB_ASM\code_Cho_Nhung\Debug\Exe\Flash.out
#    Map file     =  
#        C:\Users\Dat
#        UTC\Documents\STM8\stm8s003f3p6\LED_RGB_ASM\code_Cho_Nhung\Debug\List\Flash.map
#    Command line =  
#        -f C:\Users\DATUTC~1\AppData\Local\Temp\EWF4D.tmp ("C:\Users\Dat
#        UTC\Documents\STM8\stm8s003f3p6\LED_RGB_ASM\code_Cho_Nhung\Debug\Obj\main.o"
#        "C:\Users\Dat
#        UTC\Documents\STM8\stm8s003f3p6\LED_RGB_ASM\code_Cho_Nhung\Debug\Obj\RGB_P9414_IC.o"
#        "C:\Users\Dat
#        UTC\Documents\STM8\stm8s003f3p6\LED_RGB_ASM\code_Cho_Nhung\Debug\Obj\stm8s_clk.o"
#        "C:\Users\Dat
#        UTC\Documents\STM8\stm8s003f3p6\LED_RGB_ASM\code_Cho_Nhung\Debug\Obj\stm8s_flash.o"
#        "C:\Users\Dat
#        UTC\Documents\STM8\stm8s003f3p6\LED_RGB_ASM\code_Cho_Nhung\Debug\Obj\stm8s_gpio.o"
#        "C:\Users\Dat
#        UTC\Documents\STM8\stm8s003f3p6\LED_RGB_ASM\code_Cho_Nhung\Debug\Obj\stm8s_it.o"
#        "C:\Users\Dat
#        UTC\Documents\STM8\stm8s003f3p6\LED_RGB_ASM\code_Cho_Nhung\Debug\Obj\stm8s_tim1.o"
#        "C:\Users\Dat
#        UTC\Documents\STM8\stm8s003f3p6\LED_RGB_ASM\code_Cho_Nhung\Debug\Obj\stm8s_tim2.o"
#        --redirect _Printf=_PrintfSmall --redirect _Scanf=_ScanfSmall
#        --no_out_extension -o "C:\Users\Dat
#        UTC\Documents\STM8\stm8s003f3p6\LED_RGB_ASM\code_Cho_Nhung\Debug\Exe\Flash.out"
#        --map "C:\Users\Dat
#        UTC\Documents\STM8\stm8s003f3p6\LED_RGB_ASM\code_Cho_Nhung\Debug\List\Flash.map"
#        --config "C:\Program Files (x86)\IAR Systems\Embedded Workbench
#        8.3\stm8\config\lnkstm8s001j3.icf" --config_def _CSTACK_SIZE=0x100
#        --config_def _HEAP_SIZE=0x100 --entry __iar_program_start --debug_lib)
#
###############################################################################

*******************************************************************************
*** RUNTIME MODEL ATTRIBUTES
***

__SystemLibrary            = DLib
__code_model               = small
__core                     = stm8
__data_model               = medium
__dlib_file_descriptor     = 0
__dlib_full_locale_support = 0
__rt_version               = 4


*******************************************************************************
*** PLACEMENT SUMMARY
***

"A0":  place at start of [0x000000-0x0000ff] { rw section .vregs };
"A1":  place at end of [0x000000-0x0003ff] { block CSTACK };
"P2":  place in [from 0x000000 to 0x0003ff] {
          block HEAP, rw section __DLIB_PERTHREAD, rw section .far.bss,
          rw section .far.data, rw section .far.noinit,
          rw section .far_func.textrw, rw section .huge.bss,
          rw section .huge.data, rw section .huge.noinit,
          rw section .huge_func.textrw, rw section .iar.dynexit,
          rw section .near.bss, rw section .near.data, rw section .near.noinit,
          rw section .near_func.textrw };
"A2":  place at start of [0x008000-0x009fff] { block INTVEC };
"P3":  place in [from 0x008000 to 0x009fff] {
          ro section __DLIB_PERTHREAD_init, ro section .far.data_init,
          ro section .far_func.textrw_init, ro section .huge.data_init,
          ro section .huge_func.textrw_init, ro section .iar.init_table,
          ro section .init_array, ro section .near.data_init,
          ro section .near.rodata, ro section .near_func.text,
          ro section .near_func.textrw_init, ro section .tiny.data_init,
          ro section .tiny.rodata_init };
"P4":  place in [from 0x008000 to 0x009fff] {
          ro section .far.rodata, ro section .far_func.text };
"P5":  place in [from 0x008000 to 0x009fff] {
          ro section .huge.rodata, ro section .huge_func.text };
do not initialize {
   rw section .eeprom.noinit, rw section .far.noinit, rw section .huge.noinit,
   rw section .near.noinit, rw section .tiny.noinit, rw section .vregs };
initialize by copy {
   rw section .far.bss, rw section .far.data, rw section .far_func.textrw,
   rw section .huge.bss, rw section .huge.data, rw section .huge_func.textrw,
   rw section .iar.dynexit, rw section .near.bss, rw section .near.data,
   rw section .near_func.textrw, rw section .tiny.bss, rw section .tiny.data,
   ro section .tiny.rodata };

No sections matched the following patterns:

  ro section .far.data_init          in "P3-P5"
  ro section .far.rodata             in "P3-P5"
  ro section .far_func.text          in "P3-P5"
  ro section .far_func.textrw_init   in "P3-P5"
  ro section .huge.data_init         in "P3-P5"
  ro section .huge.rodata            in "P3-P5"
  ro section .huge_func.text         in "P3-P5"
  ro section .huge_func.textrw_init  in "P3-P5"
  ro section .iar.init_table         in "P3-P5"
  ro section .init_array             in "P3-P5"
  ro section .near_func.textrw_init  in "P3-P5"
  ro section .tiny.data_init         in "P3-P5"
  ro section .tiny.rodata_init       in "P3-P5"
  ro section __DLIB_PERTHREAD_init   in "P3-P5"
  rw section .far.bss                in "P2"
  rw section .far.data               in "P2"
  rw section .far.noinit             in "P2"
  rw section .far_func.textrw        in "P2"
  rw section .huge.bss               in "P2"
  rw section .huge.data              in "P2"
  rw section .huge.noinit            in "P2"
  rw section .huge_func.textrw       in "P2"
  rw section .iar.dynexit            in "P2"
  rw section .near.noinit            in "P2"
  rw section .near_func.textrw       in "P2"
  rw section .tiny.bss               in "P1"
  rw section .tiny.data              in "P1"
  rw section .tiny.noinit            in "P1"
  rw section .tiny.rodata            in "P1"
  rw section __DLIB_PERTHREAD        in "P2"
  section .eeprom.data               in "P6-P8"
  section .eeprom.noinit             in "P6-P8"
  section .eeprom.rodata             in "P6-P8"


  Section            Kind      Address    Size  Object
  -------            ----      -------    ----  ------
"A0":                                     0x10
  .vregs             uninit   0x000000    0x10  vregs.o [4]
                            - 0x000010    0x10

"P2", part 1 of 2:                         0x4
  P2-1                        0x000010     0x4  <Init block>
    .near.data       inited   0x000010     0x2  RGB_P9414_IC.o [1]
    .near.data       inited   0x000012     0x1  RGB_P9414_IC.o [1]
    .near.data       inited   0x000013     0x1  RGB_P9414_IC.o [1]
                            - 0x000014     0x4

"P2", part 2 of 2:                       0x115
  .near.bss          zero     0x000014    0xfc  RGB_P9414_IC.o [1]
  .near.bss          zero     0x000110     0x2  main.o [1]
  .near.bss          zero     0x000112     0x2  main.o [1]
  .near.bss          zero     0x000114     0x2  main.o [1]
  .near.bss          zero     0x000116     0x2  RGB_P9414_IC.o [1]
  .near.bss          zero     0x000118     0x2  RGB_P9414_IC.o [1]
  .near.bss          zero     0x00011a     0x2  RGB_P9414_IC.o [1]
  .near.bss          zero     0x00011c     0x2  RGB_P9414_IC.o [1]
  .near.bss          zero     0x00011e     0x2  stm8s_it.o [1]
  .near.bss          zero     0x000120     0x1  main.o [1]
  .near.bss          zero     0x000121     0x1  RGB_P9414_IC.o [1]
  .near.bss          zero     0x000122     0x1  RGB_P9414_IC.o [1]
  .near.bss          zero     0x000123     0x1  RGB_P9414_IC.o [1]
  .near.bss          zero     0x000124     0x1  RGB_P9414_IC.o [1]
  .near.bss          zero     0x000125     0x1  RGB_P9414_IC.o [1]
  .near.bss          zero     0x000126     0x1  RGB_P9414_IC.o [1]
  .near.bss          zero     0x000127     0x1  RGB_P9414_IC.o [1]
  .near.bss          zero     0x000128     0x1  RGB_P9414_IC.o [1]
                            - 0x000129   0x115

"A1":                                    0x100
  CSTACK                      0x000300   0x100  <Block>
    CSTACK           uninit   0x000300   0x100  <Block tail>
                            - 0x000400   0x100

"A2":                                     0x80
  INTVEC                      0x008000    0x80  <Block>
    .intvec          const    0x008000    0x80  interrupt.o [4]
                            - 0x008080    0x80

"P3-P5":                                0x17bf
  .near_func.text    ro code  0x008080   0x81a  RGB_P9414_IC.o [1]
  .near_func.text    ro code  0x00889a   0x1b5  RGB_P9414_IC.o [1]
  .near_func.text    ro code  0x008a4f   0x171  RGB_P9414_IC.o [1]
  .near_func.text    ro code  0x008bc0   0x151  RGB_P9414_IC.o [1]
  .near_func.text    ro code  0x008d11   0x110  stm8s_gpio.o [1]
  .near_func.text    ro code  0x008e21   0x105  main.o [1]
  .near_func.text    ro code  0x008f26    0xd4  main.o [1]
  .near_func.text    ro code  0x008ffa    0xc4  main.o [1]
  .near_func.text    ro code  0x0090be    0x9e  vreg_util.o [4]
  .near_func.text    ro code  0x00915c    0x8b  stm8s_clk.o [1]
  .near.rodata       const    0x0091e7    0x55  stm8s_flash.o [1]
  .near.rodata       const    0x00923c    0x54  stm8s_gpio.o [1]
  .near.rodata       const    0x009290    0x54  stm8s_tim2.o [1]
  .near_func.text    ro code  0x0092e4    0x54  stm8s_flash.o [1]
  .near_func.text    ro code  0x009338    0x54  stm8s_tim2.o [1]
  .near.rodata       const    0x00938c    0x53  stm8s_clk.o [1]
  .near_func.text    ro code  0x0093df    0x52  main.o [1]
  .near_func.text    ro code  0x009431    0x4a  stm8s_flash.o [1]
  .near_func.text    ro code  0x00947b    0x4a  stm8s_flash.o [1]
  .near_func.text    ro code  0x0094c5    0x3b  stm8s_flash.o [1]
  .near_func.text    ro code  0x009500    0x39  short.o [4]
  .near_func.text    ro code  0x009539    0x35  stm8s_it.o [1]
  .near_func.text    ro code  0x00956e    0x34  main.o [1]
  .near_func.text    ro code  0x0095a2    0x2f  stm8s_tim2.o [1]
  .near_func.text    ro code  0x0095d1    0x2f  stm8s_tim2.o [1]
  .near_func.text    ro code  0x009600    0x2e  RGB_P9414_IC.o [1]
  .near_func.text    ro code  0x00962e    0x2e  RGB_P9414_IC.o [1]
  .near_func.text    ro code  0x00965c    0x2d  stm8s_flash.o [1]
  .near_func.text    ro code  0x009689    0x2b  stm8s_flash.o [1]
  .near_func.text    ro code  0x0096b4    0x28  stm8s_tim2.o [1]
  .near_func.text    ro code  0x0096dc    0x28  init_small.o [4]
  .iar.init_table    const    0x009704    0x12  - Linker created -
  .near_func.text    ro code  0x009716    0x1e  init_small.o [4]
  .near_func.text    ro code  0x009734    0x1d  long.o [4]
  .near_func.text    ro code  0x009751    0x1c  main.o [1]
  .near_func.text    ro code  0x00976d    0x1a  RGB_P9414_IC.o [1]
  .near_func.text    ro code  0x009787    0x19  dc_util.o [4]
  .near_func.text    ro code  0x0097a0    0x14  stm8s_gpio.o [1]
  .near_func.text    ro code  0x0097b4    0x14  init.o [4]
  .near_func.text    ro code  0x0097c8    0x14  __dbg_xxexit.o [3]
  .near_func.text    ro code  0x0097dc    0x13  cstartup.o [4]
  .near_func.text    ro code  0x0097ef     0xc  stm8s_tim2.o [1]
  .near_func.text    ro code  0x0097fb     0x9  main.o [1]
  .near_func.text    ro code  0x009804     0x9  RGB_P9414_IC.o [1]
  .near_func.text    ro code  0x00980d     0x7  stm8s_gpio.o [1]
  .near_func.text    ro code  0x009814     0x5  cexit.o [4]
  Initializer bytes  const    0x009819     0x4  <for P2-1>
  .near_func.text    ro code  0x00981d     0x3  interrupt.o [4]
  .near_func.text    ro code  0x009820     0x3  low_level_init.o [4]
  .near_func.text    ro code  0x009823     0x3  exit.o [4]
  .near_func.text    ro code  0x009826     0x3  unhandled_exception.o [4]
  .near_func.text    ro code  0x009829     0x2  main.o [1]
  .near_func.text    ro code  0x00982b     0x1  stm8s_it.o [1]
  .near_func.text    ro code  0x00982c     0x1  stm8s_it.o [1]
  .near_func.text    ro code  0x00982d     0x1  stm8s_it.o [1]
  .near_func.text    ro code  0x00982e     0x1  stm8s_it.o [1]
  .near_func.text    ro code  0x00982f     0x1  stm8s_it.o [1]
  .near_func.text    ro code  0x009830     0x1  stm8s_it.o [1]
  .near_func.text    ro code  0x009831     0x1  stm8s_it.o [1]
  .near_func.text    ro code  0x009832     0x1  stm8s_it.o [1]
  .near_func.text    ro code  0x009833     0x1  stm8s_it.o [1]
  .near_func.text    ro code  0x009834     0x1  stm8s_it.o [1]
  .near_func.text    ro code  0x009835     0x1  stm8s_it.o [1]
  .near_func.text    ro code  0x009836     0x1  stm8s_it.o [1]
  .near_func.text    ro code  0x009837     0x1  stm8s_it.o [1]
  .near_func.text    ro code  0x009838     0x1  stm8s_it.o [1]
  .near_func.text    ro code  0x009839     0x1  stm8s_it.o [1]
  .near_func.text    ro code  0x00983a     0x1  stm8s_it.o [1]
  .near_func.text    ro code  0x00983b     0x1  stm8s_it.o [1]
  .near_func.text    ro code  0x00983c     0x1  stm8s_it.o [1]
  .near_func.text    ro code  0x00983d     0x1  stm8s_it.o [1]
  .near_func.text    ro code  0x00983e     0x1  __dbg_break.o [3]
                            - 0x00983f  0x17bf


*******************************************************************************
*** INIT TABLE
***

          Address   Size
          -------   ----
Zero (__iar_zero_init2)
    1 destination range, total size 0x115:
          0x000014  0x115

Copy (__iar_copy_init2)
    1 source range, total size 0x4:
          0x009819    0x4
    1 destination range, total size 0x4:
          0x000010    0x4



*******************************************************************************
*** MODULE SUMMARY
***

    Module                 ro code  ro data  rw data
    ------                 -------  -------  -------
C:\Users\Dat UTC\Documents\STM8\stm8s003f3p6\LED_RGB_ASM\code_Cho_Nhung\Debug\Obj: [1]
    RGB_P9414_IC.o           3 344        4      272
    main.o                     842                 7
    stm8s_clk.o                139       83
    stm8s_flash.o              379       85
    stm8s_gpio.o               299       84
    stm8s_it.o                  72                 2
    stm8s_tim2.o               230       84
    ------------------------------------------------
    Total:                   5 305      340      281

command line: [2]
    ------------------------------------------------
    Total:

dbgstm8smd.a: [3]
    __dbg_break.o                1
    __dbg_xxexit.o              20
    ------------------------------------------------
    Total:                      21

dlstm8smn.a: [4]
    cexit.o                      5
    cstartup.o                  19
    dc_util.o                   25
    exit.o                       3
    init.o                      20
    init_small.o                70
    interrupt.o                  3      128
    long.o                      29
    low_level_init.o             3
    short.o                     57
    unhandled_exception.o        3
    vreg_util.o                158
    vregs.o                                       16
    ------------------------------------------------
    Total:                     395      128       16

    Linker created                       18      256
----------------------------------------------------
    Grand Total:             5 721      486      553


*******************************************************************************
*** ENTRY LIST
***

Entry                    Address   Size  Type      Object
-----                    -------   ----  ----      ------
.iar.init_table$$Base   0x009704          --   Gb  - Linker created -
.iar.init_table$$Limit  0x009716          --   Gb  - Linker created -
?and16_x_x_dw           0x00952e         Code  Gb  short.o [4]
?and16_x_x_w0           0x009531         Code  Gb  short.o [4]
?b0                     0x000000         Data  Gb  vregs.o [4]
?b1                     0x000001         Data  Gb  vregs.o [4]
?b10                    0x00000a         Data  Gb  vregs.o [4]
?b11                    0x00000b         Data  Gb  vregs.o [4]
?b12                    0x00000c         Data  Gb  vregs.o [4]
?b13                    0x00000d         Data  Gb  vregs.o [4]
?b14                    0x00000e         Data  Gb  vregs.o [4]
?b15                    0x00000f         Data  Gb  vregs.o [4]
?b2                     0x000002         Data  Gb  vregs.o [4]
?b3                     0x000003         Data  Gb  vregs.o [4]
?b4                     0x000004         Data  Gb  vregs.o [4]
?b5                     0x000005         Data  Gb  vregs.o [4]
?b6                     0x000006         Data  Gb  vregs.o [4]
?b7                     0x000007         Data  Gb  vregs.o [4]
?b8                     0x000008         Data  Gb  vregs.o [4]
?b9                     0x000009         Data  Gb  vregs.o [4]
?dc16_w0                0x009787         Code  Gb  dc_util.o [4]
?dc32_px                0x009795         Code  Gb  dc_util.o [4]
?e0                     0x000001         Data  Gb  vregs.o [4]
?e1                     0x000005         Data  Gb  vregs.o [4]
?e2                     0x000009         Data  Gb  vregs.o [4]
?e3                     0x00000d         Data  Gb  vregs.o [4]
?epilogue_l2            0x00913a         Code  Gb  vreg_util.o [4]
?epilogue_w4            0x00913e         Code  Gb  vreg_util.o [4]
?l0                     0x000000         Data  Gb  vregs.o [4]
?l1                     0x000004         Data  Gb  vregs.o [4]
?l2                     0x000008         Data  Gb  vregs.o [4]
?l3                     0x00000c         Data  Gb  vregs.o [4]
?mov_e0_e2              0x009145         Code  Gb  vreg_util.o [4]
?mov_e2_e0              0x009152         Code  Gb  vreg_util.o [4]
?mov_l0_l2              0x009142         Code  Gb  vreg_util.o [4]
?mov_l2_l0              0x00914f         Code  Gb  vreg_util.o [4]
?mov_w1_w5              0x009148         Code  Gb  vreg_util.o [4]
?mov_w5_w1              0x009155         Code  Gb  vreg_util.o [4]
?mul16_x_x_w0           0x009500         Code  Gb  short.o [4]
?pop_l0                 0x009111         Code  Gb  vreg_util.o [4]
?pop_l1                 0x00911c         Code  Gb  vreg_util.o [4]
?pop_l2                 0x009127         Code  Gb  vreg_util.o [4]
?pop_w4                 0x0090d6         Code  Gb  vreg_util.o [4]
?push_l0                0x0090e5         Code  Gb  vreg_util.o [4]
?push_l1                0x0090ea         Code  Gb  vreg_util.o [4]
?push_l2                0x0090ef         Code  Gb  vreg_util.o [4]
?push_w4                0x0090be         Code  Gb  vreg_util.o [4]
?smod16_y_x_y           0x00951e         Code  Gb  short.o [4]
?sub32_l0_l0_0x         0x009739         Code  Gb  long.o [4]
?sub32_l0_l0_dl         0x009734         Code  Gb  long.o [4]
?w0                     0x000000         Data  Gb  vregs.o [4]
?w1                     0x000002         Data  Gb  vregs.o [4]
?w2                     0x000004         Data  Gb  vregs.o [4]
?w3                     0x000006         Data  Gb  vregs.o [4]
?w4                     0x000008         Data  Gb  vregs.o [4]
?w5                     0x00000a         Data  Gb  vregs.o [4]
?w6                     0x00000c         Data  Gb  vregs.o [4]
?w7                     0x00000e         Data  Gb  vregs.o [4]
ADC1_IRQHandler         0x00983b    0x1  Code  Gb  stm8s_it.o [1]
AWU_IRQHandler          0x00982d    0x1  Code  Gb  stm8s_it.o [1]
CLK_Config              0x0097fb    0x9  Code  Lc  main.o [1]
CLK_IRQHandler          0x00982e    0x1  Code  Gb  stm8s_it.o [1]
CLK_SYSCLKConfig        0x00915c   0x8b  Code  Gb  stm8s_clk.o [1]
CSTACK$$Base            0x000300          --   Gb  - Linker created -
CSTACK$$Limit           0x000400          --   Gb  - Linker created -
EEPROM_EEC_IRQHandler   0x00983d    0x1  Code  Gb  stm8s_it.o [1]
EXTI_PORTA_IRQHandler   0x00982f    0x1  Code  Gb  stm8s_it.o [1]
EXTI_PORTB_IRQHandler   0x009830    0x1  Code  Gb  stm8s_it.o [1]
EXTI_PORTC_IRQHandler   0x009831    0x1  Code  Gb  stm8s_it.o [1]
EXTI_PORTD_IRQHandler   0x009832    0x1  Code  Gb  stm8s_it.o [1]
EXTI_PORTE_IRQHandler   0x009833    0x1  Code  Gb  stm8s_it.o [1]
Effect_save             0x000120    0x1  Data  Gb  main.o [1]
FLASH_EraseByte         0x009431   0x4a  Code  Gb  stm8s_flash.o [1]
FLASH_Lock              0x009689   0x2b  Code  Gb  stm8s_flash.o [1]
FLASH_ProgramByte       0x0092e4   0x54  Code  Gb  stm8s_flash.o [1]
FLASH_ReadByte          0x00947b   0x4a  Code  Gb  stm8s_flash.o [1]
FLASH_SetProgrammingTime
                        0x00965c   0x2d  Code  Gb  stm8s_flash.o [1]
FLASH_Unlock            0x0094c5   0x3b  Code  Gb  stm8s_flash.o [1]
GPIO_Config             0x00956e   0x34  Code  Gb  main.o [1]
GPIO_DeInit             0x0097a0   0x14  Code  Gb  stm8s_gpio.o [1]
GPIO_Init               0x008d11  0x110  Code  Gb  stm8s_gpio.o [1]
GPIO_ReadInputPin       0x00980d    0x7  Code  Gb  stm8s_gpio.o [1]
I2C_IRQHandler          0x00983a    0x1  Code  Gb  stm8s_it.o [1]
INTVEC$$Base            0x008000          --   Gb  - Linker created -
INTVEC$$Limit           0x008080          --   Gb  - Linker created -
LED_MODE                0x0093df   0x52  Code  Gb  main.o [1]
LedsArray               0x000014   0xfc  Data  Gb  RGB_P9414_IC.o [1]
NumRW                   0x000110    0x2  Data  Gb  main.o [1]
RGB_Clear_LED           0x00976d   0x1a  Code  Gb  RGB_P9414_IC.o [1]
RGB_Shift_LED_2_side    0x008bc0   0xa0  Code  Gb  RGB_P9414_IC.o [1]
RGB_Shift_LED_forward   0x00822b  0x117  Code  Gb  RGB_P9414_IC.o [1]
RGB_Show_LED            0x008080   0x3d  Code  Gb  RGB_P9414_IC.o [1]
Region$$Table$$Base     0x009704          --   Gb  - Linker created -
Region$$Table$$Limit    0x009716          --   Gb  - Linker created -
SPI_IRQHandler          0x009834    0x1  Code  Gb  stm8s_it.o [1]
Settup_status           0x000121    0x1  Data  Gb  RGB_P9414_IC.o [1]
Settup_status_10        0x000124    0x1  Data  Gb  RGB_P9414_IC.o [1]
Settup_status_11        0x000123    0x1  Data  Gb  RGB_P9414_IC.o [1]
Settup_status_2         0x000127    0x1  Data  Gb  RGB_P9414_IC.o [1]
Settup_status_3         0x000126    0x1  Data  Gb  RGB_P9414_IC.o [1]
Settup_status_8         0x000125    0x1  Data  Gb  RGB_P9414_IC.o [1]
TIM1_CAP_COM_IRQHandler
                        0x009836    0x1  Code  Gb  stm8s_it.o [1]
TIM1_UPD_OVF_TRG_BRK_IRQHandler
                        0x009835    0x1  Code  Gb  stm8s_it.o [1]
TIM2_CAP_COM_IRQHandler
                        0x009837    0x1  Code  Gb  stm8s_it.o [1]
TIM2_ClearFlag          0x0095d1   0x2f  Code  Gb  stm8s_tim2.o [1]
TIM2_ClearITPendingBit  0x0096b4   0x28  Code  Gb  stm8s_tim2.o [1]
TIM2_Cmd                0x0095a2   0x2f  Code  Gb  stm8s_tim2.o [1]
TIM2_Config             0x009751   0x1c  Code  Lc  main.o [1]
TIM2_ITConfig           0x009338   0x54  Code  Gb  stm8s_tim2.o [1]
TIM2_TimeBaseInit       0x0097ef    0xc  Code  Gb  stm8s_tim2.o [1]
TIM2_UPD_OVF_BRK_IRQHandler
                        0x009539   0x35  Code  Gb  stm8s_it.o [1]
TIM4_UPD_OVF_IRQHandler
                        0x00983c    0x1  Code  Gb  stm8s_it.o [1]
TLI_IRQHandler          0x00982c    0x1  Code  Gb  stm8s_it.o [1]
TRAP_IRQHandler         0x00982b    0x1  Code  Gb  stm8s_it.o [1]
Time_On                 0x00011e    0x2  Data  Gb  stm8s_it.o [1]
Time_out                0x000112    0x2  Data  Gb  main.o [1]
UART1_RX_IRQHandler     0x009839    0x1  Code  Gb  stm8s_it.o [1]
UART1_TX_IRQHandler     0x009838    0x1  Code  Gb  stm8s_it.o [1]
UpdateMode              0x008e21  0x105  Code  Gb  main.o [1]
UpdateMode1             0x008f26   0xd4  Code  Gb  main.o [1]
__DebugBreak            0x00983e    0x1  Code  Gb  __dbg_break.o [3]
__exit                  0x0097c8   0x14  Code  Gb  __dbg_xxexit.o [3]
__iar_copy_init2        0x0096dc         Code  Gb  init_small.o [4]
__iar_data_init2        0x0097b4   0x14  Code  Gb  init.o [4]
__iar_program_start     0x0097dc         Code  Gb  cstartup.o [4]
__iar_unhandled_exception
                        0x009826         Code  Gb  unhandled_exception.o [4]
__iar_zero_init2        0x009716         Code  Gb  init_small.o [4]
__intvec                0x008000         Data  Gb  interrupt.o [4]
__low_level_init        0x009820    0x3  Code  Gb  low_level_init.o [4]
_exit                   0x009814         Code  Gb  cexit.o [4]
_interrupt_1            0x00982b         Code  Gb  stm8s_it.o [1]
_interrupt_12           0x009834         Code  Gb  stm8s_it.o [1]
_interrupt_13           0x009835         Code  Gb  stm8s_it.o [1]
_interrupt_14           0x009836         Code  Gb  stm8s_it.o [1]
_interrupt_15           0x009539         Code  Gb  stm8s_it.o [1]
_interrupt_16           0x009837         Code  Gb  stm8s_it.o [1]
_interrupt_19           0x009838         Code  Gb  stm8s_it.o [1]
_interrupt_2            0x00982c         Code  Gb  stm8s_it.o [1]
_interrupt_20           0x009839         Code  Gb  stm8s_it.o [1]
_interrupt_21           0x00983a         Code  Gb  stm8s_it.o [1]
_interrupt_24           0x00983b         Code  Gb  stm8s_it.o [1]
_interrupt_25           0x00983c         Code  Gb  stm8s_it.o [1]
_interrupt_26           0x00983d         Code  Gb  stm8s_it.o [1]
_interrupt_3            0x00982d         Code  Gb  stm8s_it.o [1]
_interrupt_4            0x00982e         Code  Gb  stm8s_it.o [1]
_interrupt_5            0x00982f         Code  Gb  stm8s_it.o [1]
_interrupt_6            0x009830         Code  Gb  stm8s_it.o [1]
_interrupt_7            0x009831         Code  Gb  stm8s_it.o [1]
_interrupt_8            0x009832         Code  Gb  stm8s_it.o [1]
_interrupt_9            0x009833         Code  Gb  stm8s_it.o [1]
add                     0x000114    0x2  Data  Gb  main.o [1]
assert_failed           0x009829    0x2  Code  Gb  main.o [1]
delay                   0x009804    0x9  Code  Gb  RGB_P9414_IC.o [1]
effect1_cnt             0x000116    0x2  Data  Gb  RGB_P9414_IC.o [1]
effect8_cnt             0x00011c    0x2  Data  Gb  RGB_P9414_IC.o [1]
effect_1                0x00818c   0x33  Code  Gb  RGB_P9414_IC.o [1]
effect_10               0x0087ef   0xab  Code  Gb  RGB_P9414_IC.o [1]
effect_11               0x008c60   0xb1  Code  Gb  RGB_P9414_IC.o [1]
effect_2                0x0081bf   0x37  Code  Gb  RGB_P9414_IC.o [1]
effect_3                0x0081f6   0x35  Code  Gb  RGB_P9414_IC.o [1]
effect_4                0x009600   0x2e  Code  Gb  RGB_P9414_IC.o [1]
effect_5                0x00962e   0x2e  Code  Gb  RGB_P9414_IC.o [1]
effect_6                0x008a4f  0x171  Code  Gb  RGB_P9414_IC.o [1]
effect_6_cnt            0x00011a    0x2  Data  Gb  RGB_P9414_IC.o [1]
effect_7                0x00813b   0x51  Code  Gb  RGB_P9414_IC.o [1]
effect_8                0x008342  0x15a  Code  Gb  RGB_P9414_IC.o [1]
effect_9                0x00849c  0x353  Code  Gb  RGB_P9414_IC.o [1]
exit                    0x009823    0x3  Code  Gb  exit.o [4]
foward_cnt              0x000118    0x2  Data  Gb  RGB_P9414_IC.o [1]
j                       0x000128    0x1  Data  Gb  RGB_P9414_IC.o [1]
main                    0x008ffa   0xc4  Code  Gb  main.o [1]
mode_8_cnt              0x000013    0x1  Data  Gb  RGB_P9414_IC.o [1]
mode_effect             0x000012    0x1  Data  Gb  RGB_P9414_IC.o [1]
mode_effect_save        0x000122    0x1  Data  Gb  RGB_P9414_IC.o [1]
nbLedsBytes             0x000010    0x2  Data  Gb  RGB_P9414_IC.o [1]
rgb_SendArray           0x00889a  0x1b5  Code  Gb  RGB_P9414_IC.o [1]
rgb_SetColor            0x0080bd   0x7e  Code  Gb  RGB_P9414_IC.o [1]


[1] = C:\Users\Dat UTC\Documents\STM8\stm8s003f3p6\LED_RGB_ASM\code_Cho_Nhung\Debug\Obj
[2] = command line
[3] = dbgstm8smd.a
[4] = dlstm8smn.a

  5 721 bytes of readonly  code memory
    486 bytes of readonly  data memory
    553 bytes of readwrite data memory

Errors: none
Warnings: none
