###############################################################################
#
# IAR ELF Linker V3.11.1.207 for STM8                     12/Nov/2020  11:15:02
# Copyright 2010-2019 IAR Systems AB.
#
#    Output file  =  
#        C:\Users\Dat
#        UTC\Documents\STM8\stm8s003f3p6\LED_RGB_ASM\Flash\Debug\Exe\Flash.out
#    Map file     =  
#        C:\Users\Dat
#        UTC\Documents\STM8\stm8s003f3p6\LED_RGB_ASM\Flash\Debug\List\Flash.map
#    Command line =  
#        -f C:\Users\DATUTC~1\AppData\Local\Temp\EW54EB.tmp ("C:\Users\Dat
#        UTC\Documents\STM8\stm8s003f3p6\LED_RGB_ASM\Flash\Debug\Obj\main.o"
#        "C:\Users\Dat
#        UTC\Documents\STM8\stm8s003f3p6\LED_RGB_ASM\Flash\Debug\Obj\RGB_P9414_IC.o"
#        "C:\Users\Dat
#        UTC\Documents\STM8\stm8s003f3p6\LED_RGB_ASM\Flash\Debug\Obj\stm8s_clk.o"
#        "C:\Users\Dat
#        UTC\Documents\STM8\stm8s003f3p6\LED_RGB_ASM\Flash\Debug\Obj\stm8s_flash.o"
#        "C:\Users\Dat
#        UTC\Documents\STM8\stm8s003f3p6\LED_RGB_ASM\Flash\Debug\Obj\stm8s_gpio.o"
#        "C:\Users\Dat
#        UTC\Documents\STM8\stm8s003f3p6\LED_RGB_ASM\Flash\Debug\Obj\stm8s_it.o"
#        "C:\Users\Dat
#        UTC\Documents\STM8\stm8s003f3p6\LED_RGB_ASM\Flash\Debug\Obj\stm8s_tim1.o"
#        "C:\Users\Dat
#        UTC\Documents\STM8\stm8s003f3p6\LED_RGB_ASM\Flash\Debug\Obj\stm8s_tim2.o"
#        --redirect _Printf=_PrintfSmall --redirect _Scanf=_ScanfSmall
#        --no_out_extension -o "C:\Users\Dat
#        UTC\Documents\STM8\stm8s003f3p6\LED_RGB_ASM\Flash\Debug\Exe\Flash.out"
#        --map "C:\Users\Dat
#        UTC\Documents\STM8\stm8s003f3p6\LED_RGB_ASM\Flash\Debug\List\Flash.map"
#        --config "C:\Program Files (x86)\IAR Systems\Embedded Workbench
#        8.3\stm8\config\lnkstm8s001j3.icf" --config_def _CSTACK_SIZE=0x100
#        --config_def _HEAP_SIZE=0x100 --entry __iar_program_start --debug_lib)
#
###############################################################################

*******************************************************************************
*** MESSAGES
***

Error[Lp011]: section placement failed
            unable to allocate space for sections/blocks with a total estimated
                      minimum size of 0x1f83 bytes (max align 0x1) in
                      <[0x008000-0x009fff]> (total uncommitted space 0x1f80).


*******************************************************************************
*** RUNTIME MODEL ATTRIBUTES
***

__SystemLibrary            = DLib
__code_model               = small
__core                     = stm8
__data_model               = medium
__dlib_file_descriptor     = 0
__dlib_full_locale_support = 0
__rt_version               = 4


*******************************************************************************
*** PLACEMENT SUMMARY
***

"A0":  place at start of [0x000000-0x0000ff] { rw section .vregs };
"A1":  place at end of [0x000000-0x0003ff] { block CSTACK };
"P2":  place in [from 0x000000 to 0x0003ff] {
          block HEAP, rw section __DLIB_PERTHREAD, rw section .far.bss,
          rw section .far.data, rw section .far.noinit,
          rw section .far_func.textrw, rw section .huge.bss,
          rw section .huge.data, rw section .huge.noinit,
          rw section .huge_func.textrw, rw section .iar.dynexit,
          rw section .near.bss, rw section .near.data, rw section .near.noinit,
          rw section .near_func.textrw };
"A2":  place at start of [0x008000-0x009fff] { block INTVEC };
"P3":  place in [from 0x008000 to 0x009fff] {
          ro section __DLIB_PERTHREAD_init, ro section .far.data_init,
          ro section .far_func.textrw_init, ro section .huge.data_init,
          ro section .huge_func.textrw_init, ro section .iar.init_table,
          ro section .init_array, ro section .near.data_init,
          ro section .near.rodata, ro section .near_func.text,
          ro section .near_func.textrw_init, ro section .tiny.data_init,
          ro section .tiny.rodata_init };
"P4":  place in [from 0x008000 to 0x009fff] {
          ro section .far.rodata, ro section .far_func.text };
"P5":  place in [from 0x008000 to 0x009fff] {
          ro section .huge.rodata, ro section .huge_func.text };
do not initialize {
   rw section .eeprom.noinit, rw section .far.noinit, rw section .huge.noinit,
   rw section .near.noinit, rw section .tiny.noinit, rw section .vregs };
initialize by copy {
   rw section .far.bss, rw section .far.data, rw section .far_func.textrw,
   rw section .huge.bss, rw section .huge.data, rw section .huge_func.textrw,
   rw section .iar.dynexit, rw section .near.bss, rw section .near.data,
   rw section .near_func.textrw, rw section .tiny.bss, rw section .tiny.data,
   ro section .tiny.rodata };

No sections matched the following patterns:

  ro section .far.data_init          in "P3-P5"
  ro section .far.rodata             in "P3-P5"
  ro section .far_func.text          in "P3-P5"
  ro section .far_func.textrw_init   in "P3-P5"
  ro section .huge.data_init         in "P3-P5"
  ro section .huge.rodata            in "P3-P5"
  ro section .huge_func.text         in "P3-P5"
  ro section .huge_func.textrw_init  in "P3-P5"
  ro section .iar.init_table         in "P3-P5"
  ro section .init_array             in "P3-P5"
  ro section .near_func.textrw_init  in "P3-P5"
  ro section .tiny.data_init         in "P3-P5"
  ro section .tiny.rodata_init       in "P3-P5"
  ro section __DLIB_PERTHREAD_init   in "P3-P5"
  rw section .far.bss                in "P2"
  rw section .far.data               in "P2"
  rw section .far.noinit             in "P2"
  rw section .far_func.textrw        in "P2"
  rw section .huge.bss               in "P2"
  rw section .huge.data              in "P2"
  rw section .huge.noinit            in "P2"
  rw section .huge_func.textrw       in "P2"
  rw section .iar.dynexit            in "P2"
  rw section .near.noinit            in "P2"
  rw section .near_func.textrw       in "P2"
  rw section .tiny.bss               in "P1"
  rw section .tiny.data              in "P1"
  rw section .tiny.noinit            in "P1"
  rw section .tiny.rodata            in "P1"
  rw section __DLIB_PERTHREAD        in "P2"
  section .eeprom.data               in "P6-P8"
  section .eeprom.noinit             in "P6-P8"
  section .eeprom.rodata             in "P6-P8"


  Section            Kind      Address    Size  Object
  -------            ----      -------    ----  ------
"A0":                                     0x10
  .vregs             uninit   0x000000    0x10  vregs.o [4]
                            - 0x000010    0x10

"P2", part 1 of 2:                         0x7
  P2-1                        0x000010     0x7  <Init block>
    .near.data       inited   0x000010     0x2  RGB_P9414_IC.o [1]
    .near.data       inited   0x000012     0x1  RGB_P9414_IC.o [1]
    .near.data       inited   0x000013     0x4  rand.o [4]
                            - 0x000017     0x7

"P2", part 2 of 2:                       0x1d2
  .near.bss          zero     0x000017   0x11c  RGB_P9414_IC.o [1]
  .near.bss          zero     0x000133    0x80  rand.o [4]
  .near.bss          zero     0x0001b3     0x4  RGB_P9414_IC.o [1]
  .near.bss          zero     0x0001b7     0x4  RGB_P9414_IC.o [1]
  .near.bss          zero     0x0001bb     0x4  rand.o [4]
  .near.bss          zero     0x0001bf     0x2  main.o [1]
  .near.bss          zero     0x0001c1     0x2  main.o [1]
  .near.bss          zero     0x0001c3     0x2  main.o [1]
  .near.bss          zero     0x0001c5     0x2  RGB_P9414_IC.o [1]
  .near.bss          zero     0x0001c7     0x2  RGB_P9414_IC.o [1]
  .near.bss          zero     0x0001c9     0x2  RGB_P9414_IC.o [1]
  .near.bss          zero     0x0001cb     0x2  RGB_P9414_IC.o [1]
  .near.bss          zero     0x0001cd     0x2  RGB_P9414_IC.o [1]
  .near.bss          zero     0x0001cf     0x2  RGB_P9414_IC.o [1]
  .near.bss          zero     0x0001d1     0x2  RGB_P9414_IC.o [1]
  .near.bss          zero     0x0001d3     0x2  RGB_P9414_IC.o [1]
  .near.bss          zero     0x0001d5     0x2  RGB_P9414_IC.o [1]
  .near.bss          zero     0x0001d7     0x2  stm8s_it.o [1]
  .near.bss          zero     0x0001d9     0x2  rand.o [4]
  .near.bss          zero     0x0001db     0x2  rand.o [4]
  .near.bss          zero     0x0001dd     0x2  rand.o [4]
  .near.bss          zero     0x0001df     0x2  rand.o [4]
  .near.bss          zero     0x0001e1     0x1  main.o [1]
  .near.bss          zero     0x0001e2     0x1  main.o [1]
  .near.bss          zero     0x0001e3     0x1  RGB_P9414_IC.o [1]
  .near.bss          zero     0x0001e4     0x1  RGB_P9414_IC.o [1]
  .near.bss          zero     0x0001e5     0x1  RGB_P9414_IC.o [1]
  .near.bss          zero     0x0001e6     0x1  RGB_P9414_IC.o [1]
  .near.bss          zero     0x0001e7     0x1  RGB_P9414_IC.o [1]
  .near.bss          zero     0x0001e8     0x1  rand.o [4]
                            - 0x0001e9   0x1d2

"A1":                                    0x100
  CSTACK                      0x000300   0x100  <Block>
    CSTACK           uninit   0x000300   0x100  <Block tail>
                            - 0x000400   0x100

"A2":                                     0x80
  INTVEC                      0x008000    0x80  <Block>
    .intvec          const    0x008000    0x80  interrupt.o [4]
                            - 0x008080    0x80

"P3-P5" (*** FAILED ***):               0x1f83
  .near_func.text    ro code            0x1344  RGB_P9414_IC.o [1]
  .near_func.text    ro code             0x110  stm8s_gpio.o [1]
  .near_func.text    ro code             0x105  main.o [1]
  .near_func.text    ro code              0xd4  main.o [1]
  .near_func.text    ro code              0xcb  main.o [1]
  .near_func.text    ro code              0xc4  long.o [4]
  .near_func.text    ro code              0x9e  vreg_util.o [4]
  .near_func.text    ro code              0x94  rand.o [4]
  .near_func.text    ro code              0x8b  stm8s_clk.o [1]
  .near.rodata       const                0x55  stm8s_flash.o [1]
  .near.rodata       const                0x54  stm8s_gpio.o [1]
  .near.rodata       const                0x54  stm8s_tim2.o [1]
  .near_func.text    ro code              0x54  stm8s_flash.o [1]
  .near_func.text    ro code              0x54  stm8s_tim2.o [1]
  .near.rodata       const                0x53  stm8s_clk.o [1]
  .near_func.text    ro code              0x4a  stm8s_flash.o [1]
  .near_func.text    ro code              0x4a  stm8s_flash.o [1]
  .near_func.text    ro code              0x3b  stm8s_flash.o [1]
  .near_func.text    ro code              0x39  main.o [1]
  .near_func.text    ro code              0x39  short.o [4]
  .near_func.text    ro code              0x35  stm8s_it.o [1]
  .near_func.text    ro code              0x34  main.o [1]
  .near_func.text    ro code              0x34  long_util.o [4]
  .near_func.text    ro code              0x2f  stm8s_tim2.o [1]
  .near_func.text    ro code              0x2f  stm8s_tim2.o [1]
  .near_func.text    ro code              0x2d  stm8s_flash.o [1]
  .near_func.text    ro code              0x2b  stm8s_flash.o [1]
  .near_func.text    ro code              0x28  stm8s_tim2.o [1]
  .near_func.text    ro code              0x28  init_small.o [4]
  .iar.init_table    const                0x12  - Linker created -
  .near_func.text    ro code              0x1e  init_small.o [4]
  .near_func.text    ro code              0x1c  main.o [1]
  .near_func.text    ro code              0x1a  rand.o [4]
  .near_func.text    ro code              0x19  dc_util.o [4]
  .near_func.text    ro code              0x14  stm8s_gpio.o [1]
  .near_func.text    ro code              0x14  init.o [4]
  .near_func.text    ro code              0x14  __dbg_xxexit.o [3]
  .near_func.text    ro code              0x13  cstartup.o [4]
  .near_func.text    ro code               0xd  move.o [4]
  .near_func.text    ro code               0xc  stm8s_tim2.o [1]
  .near_func.text    ro code               0x9  main.o [1]
  .near_func.text    ro code               0x9  rand.o [4]
  .near_func.text    ro code               0x7  stm8s_gpio.o [1]
  Initializer bytes  const                 0x7  <for P2-1> (used: 0x0)
  .near_func.text    ro code               0x5  cexit.o [4]
  .near_func.text    ro code               0x3  interrupt.o [4]
  .near_func.text    ro code               0x3  low_level_init.o [4]
  .near_func.text    ro code               0x3  exit.o [4]
  .near_func.text    ro code               0x3  unhandled_exception.o [4]
  .near_func.text    ro code               0x2  main.o [1]
  .near_func.text    ro code               0x1  stm8s_it.o [1]
  .near_func.text    ro code               0x1  stm8s_it.o [1]
  .near_func.text    ro code               0x1  stm8s_it.o [1]
  .near_func.text    ro code               0x1  stm8s_it.o [1]
  .near_func.text    ro code               0x1  stm8s_it.o [1]
  .near_func.text    ro code               0x1  stm8s_it.o [1]
  .near_func.text    ro code               0x1  stm8s_it.o [1]
  .near_func.text    ro code               0x1  stm8s_it.o [1]
  .near_func.text    ro code               0x1  stm8s_it.o [1]
  .near_func.text    ro code               0x1  stm8s_it.o [1]
  .near_func.text    ro code               0x1  stm8s_it.o [1]
  .near_func.text    ro code               0x1  stm8s_it.o [1]
  .near_func.text    ro code               0x1  stm8s_it.o [1]
  .near_func.text    ro code               0x1  stm8s_it.o [1]
  .near_func.text    ro code               0x1  stm8s_it.o [1]
  .near_func.text    ro code               0x1  stm8s_it.o [1]
  .near_func.text    ro code               0x1  stm8s_it.o [1]
  .near_func.text    ro code               0x1  stm8s_it.o [1]
  .near_func.text    ro code               0x1  stm8s_it.o [1]
  .near_func.text    ro code               0x1  __dbg_break.o [3]
                                        0x1f83


*******************************************************************************
*** INIT TABLE
***

          Address     Size
          -------     ----
Zero (__iar_zero_init2)
    1 destination range, total size 0x1d2:
            0x000017  0x1d2

Copy (__iar_copy_init2)
    1 source range, total size 0x7:
          0x00001f55    0x7
    1 destination range, total size 0x7:
            0x000010    0x7



*******************************************************************************
*** MODULE SUMMARY
***

    Module                 ro code  ro data  rw data
    ------                 -------  -------  -------
C:\Users\Dat UTC\Documents\STM8\stm8s003f3p6\LED_RGB_ASM\Flash\Debug\Obj: [1]
    RGB_P9414_IC.o           4 932        3      318
    main.o                     824                 8
    stm8s_clk.o                139       83
    stm8s_flash.o              379       85
    stm8s_gpio.o               299       84
    stm8s_it.o                  72                 2
    stm8s_tim2.o               230       84
    ------------------------------------------------
    Total:                   6 875      339      328

command line: [2]
    ------------------------------------------------
    Total:

dbgstm8smd.a: [3]
    __dbg_break.o                1
    __dbg_xxexit.o              20
    ------------------------------------------------
    Total:                      21

dlstm8smn.a: [4]
    cexit.o                      5
    cstartup.o                  19
    dc_util.o                   25
    exit.o                       3
    init.o                      20
    init_small.o                70
    interrupt.o                  3      128
    long.o                     196
    long_util.o                 52
    low_level_init.o             3
    move.o                      13
    rand.o                     183        4      145
    short.o                     57
    unhandled_exception.o        3
    vreg_util.o                158
    vregs.o                                       16
    ------------------------------------------------
    Total:                     810      132      161

    Linker created                       18      256
----------------------------------------------------
    Grand Total:             7 706      489      745


*******************************************************************************
*** ENTRY LIST
***

Entry                      Address   Size  Type      Object
-----                      -------   ----  ----      ------
.iar.init_table$$Base   0x00001e55          --   Gb  - Linker created -
.iar.init_table$$Limit  0x00001e67          --   Gb  - Linker created -
?add32_l0_l0_0x         0x000016fd         Code  Gb  long.o [4]
?add32_l0_l0_dl         0x000016f8         Code  Gb  long.o [4]
?and16_x_x_dw           0x00001ca7         Code  Gb  short.o [4]
?and16_x_x_w0           0x00001caa         Code  Gb  short.o [4]
?b0                       0x000000         Data  Gb  vregs.o [4]
?b1                       0x000001         Data  Gb  vregs.o [4]
?b10                      0x00000a         Data  Gb  vregs.o [4]
?b11                      0x00000b         Data  Gb  vregs.o [4]
?b12                      0x00000c         Data  Gb  vregs.o [4]
?b13                      0x00000d         Data  Gb  vregs.o [4]
?b14                      0x00000e         Data  Gb  vregs.o [4]
?b15                      0x00000f         Data  Gb  vregs.o [4]
?b2                       0x000002         Data  Gb  vregs.o [4]
?b3                       0x000003         Data  Gb  vregs.o [4]
?b4                       0x000004         Data  Gb  vregs.o [4]
?b5                       0x000005         Data  Gb  vregs.o [4]
?b6                       0x000006         Data  Gb  vregs.o [4]
?b7                       0x000007         Data  Gb  vregs.o [4]
?b8                       0x000008         Data  Gb  vregs.o [4]
?b9                       0x000009         Data  Gb  vregs.o [4]
?dc16_w0                0x00001ebb         Code  Gb  dc_util.o [4]
?dc32_px                0x00001ec9         Code  Gb  dc_util.o [4]
?e0                       0x000001         Data  Gb  vregs.o [4]
?e1                       0x000005         Data  Gb  vregs.o [4]
?e2                       0x000009         Data  Gb  vregs.o [4]
?e3                       0x00000d         Data  Gb  vregs.o [4]
?epilogue_l2            0x00001838         Code  Gb  vreg_util.o [4]
?epilogue_w4            0x0000183c         Code  Gb  vreg_util.o [4]
?l0                       0x000000         Data  Gb  vregs.o [4]
?l1                       0x000004         Data  Gb  vregs.o [4]
?l2                       0x000008         Data  Gb  vregs.o [4]
?l3                       0x00000c         Data  Gb  vregs.o [4]
?load32_0x_l0           0x00001d33         Code  Gb  long_util.o [4]
?load32_0x_l1           0x00001d41         Code  Gb  long_util.o [4]
?load32_l0_0x           0x00001d1b         Code  Gb  long_util.o [4]
?load32_l1_0x           0x00001d27         Code  Gb  long_util.o [4]
?mov_e0_e2              0x00001843         Code  Gb  vreg_util.o [4]
?mov_e2_e0              0x00001850         Code  Gb  vreg_util.o [4]
?mov_l0_l2              0x00001840         Code  Gb  vreg_util.o [4]
?mov_l2_l0              0x0000184d         Code  Gb  vreg_util.o [4]
?mov_w1_w5              0x00001846         Code  Gb  vreg_util.o [4]
?mov_w5_w1              0x00001853         Code  Gb  vreg_util.o [4]
?move1616_v_x_y_a       0x00001f23         Code  Gb  move.o [4]
?mul16_x_x_w0           0x00001c79         Code  Gb  short.o [4]
?mul32_l0_l0_0x         0x00001735         Code  Gb  long.o [4]
?mul32_l0_l0_dl         0x00001732         Code  Gb  long.o [4]
?mul32_l0_l0_l1         0x0000173e         Code  Gb  long.o [4]
?pop_l0                 0x0000180f         Code  Gb  vreg_util.o [4]
?pop_l1                 0x0000181a         Code  Gb  vreg_util.o [4]
?pop_l2                 0x00001825         Code  Gb  vreg_util.o [4]
?pop_w4                 0x000017d4         Code  Gb  vreg_util.o [4]
?push_l0                0x000017e3         Code  Gb  vreg_util.o [4]
?push_l1                0x000017e8         Code  Gb  vreg_util.o [4]
?push_l2                0x000017ed         Code  Gb  vreg_util.o [4]
?push_w4                0x000017bc         Code  Gb  vreg_util.o [4]
?smod16_y_x_y           0x00001c97         Code  Gb  short.o [4]
?sub32_l0_l0_0x         0x0000171a         Code  Gb  long.o [4]
?sub32_l0_l0_dl         0x00001715         Code  Gb  long.o [4]
?w0                       0x000000         Data  Gb  vregs.o [4]
?w1                       0x000002         Data  Gb  vregs.o [4]
?w2                       0x000004         Data  Gb  vregs.o [4]
?w3                       0x000006         Data  Gb  vregs.o [4]
?w4                       0x000008         Data  Gb  vregs.o [4]
?w5                       0x00000a         Data  Gb  vregs.o [4]
?w6                       0x00000c         Data  Gb  vregs.o [4]
?w7                       0x00000e         Data  Gb  vregs.o [4]
ADC1_IRQHandler         0x00001f7f    0x1  Code  Gb  stm8s_it.o [1]
AWU_IRQHandler          0x00001f71    0x1  Code  Gb  stm8s_it.o [1]
CLK_Config              0x00001f3c    0x9  Code  Lc  main.o [1]
CLK_IRQHandler          0x00001f72    0x1  Code  Gb  stm8s_it.o [1]
CLK_SYSCLKConfig        0x000018ee   0x8b  Code  Gb  stm8s_clk.o [1]
CSTACK$$Base              0x000300          --   Gb  - Linker created -
CSTACK$$Limit             0x000400          --   Gb  - Linker created -
CheckDone                 0x0001e6    0x1  Data  Gb  RGB_P9414_IC.o [1]
EEPROM_EEC_IRQHandler   0x00001f81    0x1  Code  Gb  stm8s_it.o [1]
EXTI_PORTA_IRQHandler   0x00001f73    0x1  Code  Gb  stm8s_it.o [1]
EXTI_PORTB_IRQHandler   0x00001f74    0x1  Code  Gb  stm8s_it.o [1]
EXTI_PORTC_IRQHandler   0x00001f75    0x1  Code  Gb  stm8s_it.o [1]
EXTI_PORTD_IRQHandler   0x00001f76    0x1  Code  Gb  stm8s_it.o [1]
EXTI_PORTE_IRQHandler   0x00001f77    0x1  Code  Gb  stm8s_it.o [1]
Effect_save               0x0001e2    0x1  Data  Gb  main.o [1]
FLASH_EraseByte         0x00001b71   0x4a  Code  Gb  stm8s_flash.o [1]
FLASH_Lock              0x00001dda   0x2b  Code  Gb  stm8s_flash.o [1]
FLASH_ProgramByte       0x00001a76   0x54  Code  Gb  stm8s_flash.o [1]
FLASH_ReadByte          0x00001bbb   0x4a  Code  Gb  stm8s_flash.o [1]
FLASH_SetProgrammingTime
                        0x00001dad   0x2d  Code  Gb  stm8s_flash.o [1]
FLASH_Unlock            0x00001c05   0x3b  Code  Gb  stm8s_flash.o [1]
GPIO_Config             0x00001ce7   0x34  Code  Gb  main.o [1]
GPIO_DeInit             0x00001ed4   0x14  Code  Gb  stm8s_gpio.o [1]
GPIO_Init               0x00001344  0x110  Code  Gb  stm8s_gpio.o [1]
GPIO_ReadInputPin       0x00001f4e    0x7  Code  Gb  stm8s_gpio.o [1]
I2C_IRQHandler          0x00001f7e    0x1  Code  Gb  stm8s_it.o [1]
INTVEC$$Base              0x008000          --   Gb  - Linker created -
INTVEC$$Limit             0x008080          --   Gb  - Linker created -
LEDTemp1                  0x0001cd    0x2  Data  Gb  RGB_P9414_IC.o [1]
LEDTempBeginPoint         0x0001d1    0x2  Data  Gb  RGB_P9414_IC.o [1]
LEDTempEndPoint           0x0001d5    0x2  Data  Gb  RGB_P9414_IC.o [1]
LEDTempLastPoint          0x0001cf    0x2  Data  Gb  RGB_P9414_IC.o [1]
LEDTempRunPoint           0x0001d3    0x2  Data  Gb  RGB_P9414_IC.o [1]
LEDTempSave               0x0001b3    0x4  Data  Gb  RGB_P9414_IC.o [1]
LEDTempSaveOff            0x0001b7    0x4  Data  Gb  RGB_P9414_IC.o [1]
LED_MODE                0x00001c40   0x39  Code  Gb  main.o [1]
LedsArray                 0x000017  0x11c  Data  Gb  RGB_P9414_IC.o [1]
NumRW                     0x0001bf    0x2  Data  Gb  main.o [1]
RGB_C1_C2               0x000001bf  0x4a1  Code  Gb  RGB_P9414_IC.o [1]
RGB_Clear_LED           0x000010b9   0x1a  Code  Gb  RGB_P9414_IC.o [1]
RGB_Shift_LED_forward   0x00000aef  0x117  Code  Gb  RGB_P9414_IC.o [1]
RGB_Show_LED            0x00000919   0x47  Code  Gb  RGB_P9414_IC.o [1]
RGB_Show_LED_mode_7     0x00000660   0x42  Code  Gb  RGB_P9414_IC.o [1]
RGB_effect_5_forward    0x00000fa1  0x118  Code  Gb  RGB_P9414_IC.o [1]
RGB_effect_5_reverb     0x00000f26   0x7b  Code  Gb  RGB_P9414_IC.o [1]
Region$$Table$$Base     0x00001e55          --   Gb  - Linker created -
Region$$Table$$Limit    0x00001e67          --   Gb  - Linker created -
SPI_IRQHandler          0x00001f78    0x1  Code  Gb  stm8s_it.o [1]
Settup_status             0x0001e3    0x1  Data  Gb  RGB_P9414_IC.o [1]
ShowLED                 0x000006a2   0xaa  Code  Gb  RGB_P9414_IC.o [1]
TIM1_CAP_COM_IRQHandler
                        0x00001f7a    0x1  Code  Gb  stm8s_it.o [1]
TIM1_UPD_OVF_TRG_BRK_IRQHandler
                        0x00001f79    0x1  Code  Gb  stm8s_it.o [1]
TIM2_CAP_COM_IRQHandler
                        0x00001f7b    0x1  Code  Gb  stm8s_it.o [1]
TIM2_ClearFlag          0x00001d7e   0x2f  Code  Gb  stm8s_tim2.o [1]
TIM2_ClearITPendingBit  0x00001e05   0x28  Code  Gb  stm8s_tim2.o [1]
TIM2_Cmd                0x00001d4f   0x2f  Code  Gb  stm8s_tim2.o [1]
TIM2_Config             0x00001e85   0x1c  Code  Lc  main.o [1]
TIM2_ITConfig           0x00001aca   0x54  Code  Gb  stm8s_tim2.o [1]
TIM2_TimeBaseInit       0x00001f30    0xc  Code  Gb  stm8s_tim2.o [1]
TIM2_UPD_OVF_BRK_IRQHandler
                        0x00001cb2   0x35  Code  Gb  stm8s_it.o [1]
TIM4_UPD_OVF_IRQHandler
                        0x00001f80    0x1  Code  Gb  stm8s_it.o [1]
TLI_IRQHandler          0x00001f70    0x1  Code  Gb  stm8s_it.o [1]
TRAP_IRQHandler         0x00001f6f    0x1  Code  Gb  stm8s_it.o [1]
Time_On                   0x0001d7    0x2  Data  Gb  stm8s_it.o [1]
Time_out                  0x0001c1    0x2  Data  Gb  main.o [1]
UART1_RX_IRQHandler     0x00001f7d    0x1  Code  Gb  stm8s_it.o [1]
UART1_TX_IRQHandler     0x00001f7c    0x1  Code  Gb  stm8s_it.o [1]
UpdateMode              0x00001454  0x105  Code  Gb  main.o [1]
UpdateMode1             0x00001559   0xd4  Code  Gb  main.o [1]
_Rand_idx                 0x0001bb    0x4  Data  Lc  rand.o [4]
_Rand_rv                  0x000133   0x80  Data  Lc  rand.o [4]
_Randinit                 0x0001e8    0x1  Data  Gb  rand.o [4]
_Randseed                 0x000013    0x4  Data  Gb  rand.o [4]
__DebugBreak            0x00001f82    0x1  Code  Gb  __dbg_break.o [3]
__exit                  0x00001efc   0x14  Code  Gb  __dbg_xxexit.o [3]
__iar_Tls_setup__Rand_idx
                          0x0001dd    0x2  Data  Lc  rand.o [4]
__iar_Tls_setup__Rand_rv
                          0x0001df    0x2  Data  Lc  rand.o [4]
__iar_Tls_setup__Randinit
                          0x0001d9    0x2  Data  Gb  rand.o [4]
__iar_Tls_setup__Randseed
                          0x0001db    0x2  Data  Gb  rand.o [4]
__iar_copy_init2        0x00001e2d         Code  Gb  init_small.o [4]
__iar_data_init2        0x00001ee8   0x14  Code  Gb  init.o [4]
__iar_program_start     0x00001f10         Code  Gb  cstartup.o [4]
__iar_unhandled_exception
                        0x00001f6a         Code  Gb  unhandled_exception.o [4]
__iar_zero_init2        0x00001e67         Code  Gb  init_small.o [4]
__intvec                  0x008000         Data  Gb  interrupt.o [4]
__low_level_init        0x00001f64    0x3  Code  Gb  low_level_init.o [4]
_exit                   0x00001f5c         Code  Gb  cexit.o [4]
_interrupt_1            0x00001f6f         Code  Gb  stm8s_it.o [1]
_interrupt_12           0x00001f78         Code  Gb  stm8s_it.o [1]
_interrupt_13           0x00001f79         Code  Gb  stm8s_it.o [1]
_interrupt_14           0x00001f7a         Code  Gb  stm8s_it.o [1]
_interrupt_15           0x00001cb2         Code  Gb  stm8s_it.o [1]
_interrupt_16           0x00001f7b         Code  Gb  stm8s_it.o [1]
_interrupt_19           0x00001f7c         Code  Gb  stm8s_it.o [1]
_interrupt_2            0x00001f70         Code  Gb  stm8s_it.o [1]
_interrupt_20           0x00001f7d         Code  Gb  stm8s_it.o [1]
_interrupt_21           0x00001f7e         Code  Gb  stm8s_it.o [1]
_interrupt_24           0x00001f7f         Code  Gb  stm8s_it.o [1]
_interrupt_25           0x00001f80         Code  Gb  stm8s_it.o [1]
_interrupt_26           0x00001f81         Code  Gb  stm8s_it.o [1]
_interrupt_3            0x00001f71         Code  Gb  stm8s_it.o [1]
_interrupt_4            0x00001f72         Code  Gb  stm8s_it.o [1]
_interrupt_5            0x00001f73         Code  Gb  stm8s_it.o [1]
_interrupt_6            0x00001f74         Code  Gb  stm8s_it.o [1]
_interrupt_7            0x00001f75         Code  Gb  stm8s_it.o [1]
_interrupt_8            0x00001f76         Code  Gb  stm8s_it.o [1]
_interrupt_9            0x00001f77         Code  Gb  stm8s_it.o [1]
add                       0x0001c3    0x2  Data  Gb  main.o [1]
assert_failed           0x00001f6d    0x2  Code  Gb  main.o [1]
chedo_save                0x0001e5    0x1  Data  Gb  RGB_P9414_IC.o [1]
chuoi                     0x0001e1    0x1  Data  Gb  main.o [1]
delay                   0x00000000    0x9  Code  Gb  RGB_P9414_IC.o [1]
delay_asm               0x000001be    0x1  Code  Gb  RGB_P9414_IC.o [1]
effect1_cnt               0x0001c5    0x2  Data  Gb  RGB_P9414_IC.o [1]
effect4_cnt               0x0001c7    0x2  Data  Gb  RGB_P9414_IC.o [1]
effect_1                0x00000960  0x18f  Code  Gb  RGB_P9414_IC.o [1]
effect_2                0x00000c06   0xd4  Code  Gb  RGB_P9414_IC.o [1]
effect_3                0x00000cda  0x12e  Code  Gb  RGB_P9414_IC.o [1]
effect_4                0x00000e08  0x11e  Code  Gb  RGB_P9414_IC.o [1]
effect_5                0x000010d3   0xfb  Code  Gb  RGB_P9414_IC.o [1]
effect_6                0x000011ce  0x176  Code  Gb  RGB_P9414_IC.o [1]
effect_6_cnt              0x0001cb    0x2  Data  Gb  RGB_P9414_IC.o [1]
effect_7                0x000007aa  0x16f  Code  Gb  RGB_P9414_IC.o [1]
exit                    0x00001f67    0x3  Code  Gb  exit.o [4]
foward_cnt                0x0001c9    0x2  Data  Gb  RGB_P9414_IC.o [1]
main                    0x0000162d   0xcb  Code  Gb  main.o [1]
mode_effect               0x000012    0x1  Data  Gb  RGB_P9414_IC.o [1]
mode_effect_save          0x0001e4    0x1  Data  Gb  RGB_P9414_IC.o [1]
nbLedsBytes               0x000010    0x2  Data  Gb  RGB_P9414_IC.o [1]
rand                    0x0000185a   0x94  Code  Gb  rand.o [4]
rgb_SendArray           0x00000009  0x1b5  Code  Gb  RGB_P9414_IC.o [1]
rgb_SetColor            0x0000074c   0x5e  Code  Gb  RGB_P9414_IC.o [1]
vruc_Count                0x0001e7    0x1  Data  Gb  RGB_P9414_IC.o [1]


[1] = C:\Users\Dat UTC\Documents\STM8\stm8s003f3p6\LED_RGB_ASM\Flash\Debug\Obj
[2] = command line
[3] = dbgstm8smd.a
[4] = dlstm8smn.a

  7 706 bytes of readonly  code memory
    489 bytes of readonly  data memory
    745 bytes of readwrite data memory

Errors: 1
Warnings: none
